-- Testing cross-types compatibility
SELECT 1::uint8 = 1::uint1;
 ?column? 
----------
 t
(1 row)

SELECT 1::uint8 = 0::uint1;
 ?column? 
----------
 f
(1 row)

SELECT 1::uint8 = 1::int1;
 ?column? 
----------
 t
(1 row)

SELECT 1::uint8 = 0::int1;
 ?column? 
----------
 f
(1 row)

SELECT 1::uint8 <> 0::uint1;
 ?column? 
----------
 t
(1 row)

SELECT 0::uint8 <> 0::uint1;
 ?column? 
----------
 f
(1 row)

SELECT 1::uint8 <> 0::int1;
 ?column? 
----------
 t
(1 row)

SELECT 0::uint8 <> 0::int1;
 ?column? 
----------
 f
(1 row)

SELECT 1::uint8 > 0::uint1;
 ?column? 
----------
 t
(1 row)

SELECT 0::uint8 > 1::uint1;
 ?column? 
----------
 f
(1 row)

SELECT 1::uint8 > 0::int1;
 ?column? 
----------
 t
(1 row)

SELECT 0::uint8 > 1::int1;
 ?column? 
----------
 f
(1 row)

SELECT 0::uint8 < 1::uint1;
 ?column? 
----------
 t
(1 row)

SELECT 1::uint8 < 0::uint1;
 ?column? 
----------
 f
(1 row)

SELECT 0::uint8 < 1::int1;
 ?column? 
----------
 t
(1 row)

SELECT 1::uint8 < 0::int1;
 ?column? 
----------
 f
(1 row)

SELECT 1::uint8 >= 0::uint1;
 ?column? 
----------
 t
(1 row)

SELECT 0::uint8 >= 1::uint1;
 ?column? 
----------
 f
(1 row)

SELECT 1::uint8 >= 1::uint1;
 ?column? 
----------
 t
(1 row)

SELECT 1::uint8 >= 0::int1;
 ?column? 
----------
 t
(1 row)

SELECT 0::uint8 >= 1::int1;
 ?column? 
----------
 f
(1 row)

SELECT 1::uint8 >= 1::int1;
 ?column? 
----------
 t
(1 row)

SELECT 0::uint8 <= 1::uint1;
 ?column? 
----------
 t
(1 row)

SELECT 1::uint8 <= 0::uint1;
 ?column? 
----------
 f
(1 row)

SELECT 1::uint8 <= 1::uint1;
 ?column? 
----------
 t
(1 row)

SELECT 0::uint8 <= 1::int1;
 ?column? 
----------
 t
(1 row)

SELECT 1::uint8 <= 0::int1;
 ?column? 
----------
 f
(1 row)

SELECT 1::uint8 <= 1::int1;
 ?column? 
----------
 t
(1 row)

SELECT 120::uint8 + 10::uint1;
 ?column? 
----------
 130
(1 row)

SELECT 18446744073709551615::uint8 + 1::uint1;
ERROR:  uint8 out of range
SELECT 120::uint8 + 10::int1;
 ?column? 
----------
 130
(1 row)

SELECT 18446744073709551615::uint8 + 1::int1;
ERROR:  uint8 out of range
SELECT 120::uint8 - 10::uint1;
 ?column? 
----------
 110
(1 row)

SELECT 0::uint8 - 1::uint1;
ERROR:  uint8 out of range
SELECT 120::uint8 - 10::int1;
 ?column? 
----------
 110
(1 row)

SELECT 0::uint8 - 1::int1;
ERROR:  uint8 out of range
SELECT 120::uint8 * 10::uint1;
 ?column? 
----------
 1200
(1 row)

SELECT 18446744073709551615::uint8 * 2::uint1;
ERROR:  uint8 out of range
SELECT 120::uint8 * 10::int1;
 ?column? 
----------
 1200
(1 row)

SELECT 18446744073709551615::uint8 * 2::int1;
ERROR:  uint8 out of range
SELECT 120::uint8 / 10::uint1;
 ?column? 
----------
 12
(1 row)

SELECT 1::uint8 / 0::uint1;
ERROR:  division by zero
SELECT 120::uint8 / 10::int1;
 ?column? 
----------
 12
(1 row)

SELECT 1::uint8 / 0::int1;
ERROR:  division by zero
SELECT 120::uint8 % 10::uint1;
 ?column? 
----------
 0
(1 row)

SELECT 1::uint8 % 0::uint1;
ERROR:  division by zero
SELECT 120::uint8 % 10::int1;
 ?column? 
----------
 0
(1 row)

SELECT 1::uint8 % 0::int1;
ERROR:  division by zero
